[debug] [2025-08-11T08:34:06.851Z] ----------------------------------------------------------------------
[debug] [2025-08-11T08:34:06.867Z] Command:       C:\Program Files\nodejs\node.exe C:\Users\diarr\AppData\Roaming\npm\node_modules\firebase-tools\lib\bin\firebase.js use --add
[debug] [2025-08-11T08:34:06.868Z] CLI Version:   14.12.0
[debug] [2025-08-11T08:34:06.869Z] Platform:      win32
[debug] [2025-08-11T08:34:06.869Z] Node Version:  v22.14.0
[debug] [2025-08-11T08:34:06.870Z] Time:          Mon Aug 11 2025 10:34:06 GMT+0200 (heure d’été d’Europe centrale)
[debug] [2025-08-11T08:34:06.870Z] ----------------------------------------------------------------------
[debug] 
[debug] [2025-08-11T08:34:07.166Z] > command requires scopes: ["email","openid","https://www.googleapis.com/auth/cloudplatformprojects.readonly","https://www.googleapis.com/auth/firebase","https://www.googleapis.com/auth/cloud-platform"]
[debug] [2025-08-11T08:34:07.167Z] > authorizing via signed-in user (adjara.niho.diarra@gmail.com)
[debug] [2025-08-11T08:34:07.171Z] Checked if tokens are valid: true, expires at: 1754904744072
[debug] [2025-08-11T08:34:07.172Z] Checked if tokens are valid: true, expires at: 1754904744072
[debug] [2025-08-11T08:34:07.175Z] >>> [apiv2][query] GET https://firebase.googleapis.com/v1beta1/projects pageSize=1000
[debug] [2025-08-11T08:34:07.807Z] <<< [apiv2][status] GET https://firebase.googleapis.com/v1beta1/projects 200
[debug] [2025-08-11T08:34:07.807Z] <<< [apiv2][body] GET https://firebase.googleapis.com/v1beta1/projects [omitted]
[debug] [2025-08-11T08:40:48.240Z] ExitPromptError: User force closed the prompt with SIGINT
    at Interface.sigint (C:\Users\diarr\AppData\Roaming\npm\node_modules\firebase-tools\node_modules\@inquirer\core\dist\commonjs\lib\create-prompt.js:101:37)
    at Interface.emit (node:events:518:28)
    at Interface.emit (node:domain:489:12)
    at [_ttyWrite] [as _ttyWrite] (node:internal/readline/interface:1124:18)
    at ReadStream.onkeypress (node:internal/readline/interface:263:20)
    at ReadStream.emit (node:events:530:35)
    at ReadStream.emit (node:domain:489:12)
    at emitKeys (node:internal/readline/utils:370:14)
    at emitKeys.next (<anonymous>)
    at ReadStream.onData (node:internal/readline/emitKeypressEvents:64:36)
[error] 
[error] Error: An unexpected error has occurred.
